// Jest Snapshot v1, https://goo.gl/fbAQLP

exports[`properly renders the ServicesCard Component 1`] = `
<div
  className="shadow z-depth-5 card"
  style={
    Object {
      "width": "undefinedrem",
    }
  }
>
  <a
    className="text-decoration-none text-reset"
    href="/service/undefined"
    onClick={[Function]}
    onMouseEnter={[Function]}
  >
    <img
      alt=""
      className="card-img-top"
    />
  </a>
  <div
    className="ServicesCardstyled__CardBody-sc-1wnbk5s-0 hqlduL card-body"
  >
    <a
      className="text-decoration-none text-reset"
      href="/service/undefined"
      onClick={[Function]}
      onMouseEnter={[Function]}
    >
      <p
        className="card-text"
      />
    </a>
    <a
      className="text-decoration-none text-reset"
      href="/service/undefined"
      onClick={[Function]}
      onMouseEnter={[Function]}
    >
      <p
        className="card-text"
      />
    </a>
  </div>
  <div
    className="bg-white d-flex align-items-center justify-content-between card-footer"
  >
    <small
      className="text-muted"
    >
      card.startingAt
       
      <span
        className="h6"
      >
        $
      </span>
    </small>
  </div>
</div>
`;
