// Jest Snapshot v1, https://goo.gl/fbAQLP

exports[`renders Navbar correctly 1`] = `
<nav
  className="navbar navbar-expand navbar-light bg-primary"
>
  <div
    className="container"
  >
    <a
      className="navbar-brand"
      href="#home"
    >
      <img
        alt="Nabar logo"
        className="Navbarstyled__Img-sc-ua2yiz-2 iOUVHg d-inline-block align-top"
        height="52px"
        src="/NavbarLogo.png"
        width="104px"
      />
    </a>
    <form
      className="Navbarstyled__SearchForm-sc-ua2yiz-5 fmlHTi d-flex md-shadow mx-2"
    >
      <span
        className="input-group-text"
        id="basic-addon1"
      >
        <svg
          fill="currentColor"
          height="25px"
          stroke="currentColor"
          strokeWidth="0"
          style={
            Object {
              "color": undefined,
            }
          }
          viewBox="0 0 512 512"
          width="25px"
          xmlns="http://www.w3.org/2000/svg"
        >
          <path
            d="M456.69 421.39L362.6 327.3a173.81 173.81 0 0034.84-104.58C397.44 126.38 319.06 48 222.72 48S48 126.38 48 222.72s78.38 174.72 174.72 174.72A173.81 173.81 0 00327.3 362.6l94.09 94.09a25 25 0 0035.3-35.3zM97.92 222.72a124.8 124.8 0 11124.8 124.8 124.95 124.95 0 01-124.8-124.8z"
          />
        </svg>
      </span>
      <input
        aria-label="Search"
        className="input form-control"
        onChange=""
        placeholder="Find Services..."
        type="search"
      />
    </form>
    <div
      className="w-100 d-flex justify-content-end navbar-nav"
      onKeyDown={[Function]}
    >
      <button
        className="Navbarstyled__LoginBtn-sc-ua2yiz-1 jHLlre btn btn-primary"
        disabled={false}
        onClick={[Function]}
        type="button"
      >
         Log In 
      </button>
      <button
        className="Navbarstyled__JoinBtn-sc-ua2yiz-0 hFOOdI btn btn-primary"
        disabled={false}
        onClick={[Function]}
        type="button"
      >
         Join 
      </button>
    </div>
  </div>
</nav>
`;
