// Jest Snapshot v1, https://goo.gl/fbAQLP

exports[`renders Navbar correctly 1`] = `
<div>
  <p>
    This is an example of a component
  </p>
  <button
    className="ant-btn ant-btn-primary"
    onClick={[Function]}
    type="button"
  >
    <span>
      Example of Antd button
    </span>
  </button>
  <h1
    className="Navbarstyled__Header-sc-ua2yiz-0 bAMbba"
  >
    WELCOME
  </h1>
</div>
`;
