// Jest Snapshot v1, https://goo.gl/fbAQLP

exports[`properly renders the InformationSidebar Component 1`] = `
<div
  className="InformationSidebarstyled__Container-sc-1rywt34-0 blvETZ shadow"
>
  <div
    className="w-75 mx-auto my-xl-5 my-md-0"
  >
    <h5
      className="px-3 py-2 border-bottom border-light"
    >
      profile.skills
    </h5>
    <div>
      <ul>
        <li>
          Html
        </li>
        <li>
          Javascript
        </li>
        <li>
          Css
        </li>
      </ul>
    </div>
  </div>
  <div
    className="w-75 mx-auto my-xl-5 my-md-0"
  >
    <h5
      className="px-3 py-2 border-bottom border-light"
    >
      profile.language
    </h5>
    <div>
      <ul>
        <li>
          Kurdish
        </li>
        <li>
          Arabic
        </li>
        <li>
          English
        </li>
      </ul>
    </div>
  </div>
  <div
    className="w-75 mx-auto my-xl-5 my-md-0"
  >
    <h5
      className="px-3 py-2 border-bottom border-light"
    >
      profile.education
    </h5>
    <div>
      <ul>
        <li>
          Salahaddin University
        </li>
        <li>
          College of Engineering
        </li>
      </ul>
    </div>
  </div>
</div>
`;
